
> backend@0.0.1 build
> nest build

node.exe : [96msrc/analytics/analytics.servi
ce.ts[0m:[93m25[0m:[93m9[0m - 
[91merror[0m[90m TS2353: [0mObject 
literal may only specify known properties, 
and 'createdAt' does not exist in type 
'OrderWhereInput'.
At C:\Program Files\nodejs\npm.ps1:29 char:3
+   & $NODE_EXE $NPM_CLI_JS $args
+   ~~~~~~~~~~~~~~~~~~~~~~~~~~~~~
    + CategoryInfo          : NotSpecified:  
   ([96msrc/analyt...derWhereInput'.:Strin  
  g) [], RemoteException
    + FullyQualifiedErrorId : NativeCommandE 
   rror
 

[7m25[0m         createdAt: { gte: today }
[7m  [0m [91m        ~~~~~~~~~[0m

  [96mnode_modules/.prisma/client/index.d.ts
[0m:[93m15403[0m:[93m5[0m
    [7m15403[0m     where?: OrderWhereInput
    [7m     [0m [96m    ~~~~~[0m
    The expected type comes from property 
'where' which is declared here on type 'Subse
t<OrderAggregateArgs<$Extensions.DefaultArgs>
, 
OrderAggregateArgs<$Extensions.DefaultArgs>>'
[96msrc/analytics/analytics.service.ts[0m:
[93m33[0m:[93m9[0m - [91merror[0m[90m 
TS2353: [0mObject literal may only specify 
known properties, and 'createdAt' does not 
exist in type 'OrderWhereInput'.

[7m33[0m         createdAt: { gte: 
yesterday, lt: today }
[7m  [0m [91m        ~~~~~~~~~[0m

  [96mnode_modules/.prisma/client/index.d.ts
[0m:[93m15403[0m:[93m5[0m
    [7m15403[0m     where?: OrderWhereInput
    [7m     [0m [96m    ~~~~~[0m
    The expected type comes from property 
'where' which is declared here on type 'Subse
t<OrderAggregateArgs<$Extensions.DefaultArgs>
, 
OrderAggregateArgs<$Extensions.DefaultArgs>>'
[96msrc/analytics/analytics.service.ts[0m:
[93m40[0m:[93m18[0m - [91merror[0m[90m 
TS2353: [0mObject literal may only specify 
known properties, and 'createdAt' does not 
exist in type 'OrderWhereInput'.

[7m40[0m         where: { createdAt: { 
gte: today } }
[7m  [0m [91m                 
~~~~~~~~~[0m
[96msrc/analytics/analytics.service.ts[0m:
[93m43[0m:[93m18[0m - [91merror[0m[90m 
TS2353: [0mObject literal may only specify 
known properties, and 'createdAt' does not 
exist in type 'OrderWhereInput'.

[7m43[0m         where: { createdAt: { 
gte: yesterday, lt: today } }
[7m  [0m [91m                 
~~~~~~~~~[0m
[96msrc/analytics/analytics.service.ts[0m:
[93m89[0m:[93m13[0m - [91merror[0m[90m 
TS2353: [0mObject literal may only specify 
known properties, and 'createdAt' does not 
exist in type 'OrderWhereInput'.

[7m89[0m             createdAt: { gte: 
startDate },
[7m  [0m [91m            ~~~~~~~~~[0m
[96msrc/categories/categories.service.ts[0m
:[93m16[0m:[93m18[0m - 
[91merror[0m[90m TS2353: [0mObject 
literal may only specify known properties, 
and 'displayOrder' does not exist in type 
'CategoryOrderByWithRelationInput | 
CategoryOrderByWithRelationInput[]'.

[7m16[0m       orderBy: { displayOrder: 
'asc' },
[7m  [0m [91m                 
~~~~~~~~~~~~[0m
[96msrc/chat/chat.service.ts[0m:[93m136[0
m:[93m29[0m - [91merror[0m[90m TS2322: 
[0mType '({ basePrice: { lte: number; }; } 
| { basePrice: { gte: number; }; } | { OR: 
({ name: { contains: string; mode: 
"insensitive"; }; description?: undefined; } 
| { description: { contains: string; mode: 
"insensitive"; }; name?: undefined; })[]; 
})[]' is not assignable to type 
'ProductWhereInput | ProductWhereInput[] | 
undefined'.
  Type '({ basePrice: { lte: number; }; } | 
{ basePrice: { gte: number; }; } | { OR: ({ 
name: { contains: string; mode: 
"insensitive"; }; description?: undefined; } 
| { description: { contains: string; mode: 
"insensitive"; }; name?: undefined; })[]; 
})[]' is not assignable to type 
'ProductWhereInput[]'.
    Type '{ basePrice: { lte: number; }; } | 
{ basePrice: { gte: number; }; } | { OR: ({ 
name: { contains: string; mode: 
"insensitive"; }; description?: undefined; } 
| { description: { contains: string; mode: 
"insensitive"; }; name?: undefined; })[]; }' 
is not assignable to type 
'ProductWhereInput'.
      Object literal may only specify known 
properties, but 'basePrice' does not exist 
in type 'ProductWhereInput'. Did you mean to 
write 'basePriceUSD'?

[7m136[0m           ...(maxPrice ? [{ 
basePrice: { lte: maxPrice } }] : []),
[7m   [0m [91m                            
~~~~~~~~~[0m
[96msrc/cms/cms.service.ts[0m:[93m9[0m:[
93m24[0m - [91merror[0m[90m TS2339: 
[0mProperty 'cmsPage' does not exist on 
type 'PrismaService'.

[7m9[0m     return 
this.prisma.cmsPage.findMany();
[7m [0m [91m                       
~~~~~~~[0m
[96msrc/cms/cms.service.ts[0m:[93m13[0m:
[93m36[0m - [91merror[0m[90m TS2339: 
[0mProperty 'cmsPage' does not exist on 
type 'PrismaService'.

[7m13[0m     const page = await 
this.prisma.cmsPage.findUnique({
[7m  [0m [91m                             
      ~~~~~~~[0m
[96msrc/cms/cms.service.ts[0m:[93m21[0m:
[93m24[0m - [91merror[0m[90m TS2339: 
[0mProperty 'cmsPage' does not exist on 
type 'PrismaService'.

[7m21[0m     return 
this.prisma.cmsPage.create({
[7m  [0m [91m                       
~~~~~~~[0m
[96msrc/cms/cms.service.ts[0m:[93m27[0m:
[93m24[0m - [91merror[0m[90m TS2339: 
[0mProperty 'cmsPage' does not exist on 
type 'PrismaService'.

[7m27[0m     return 
this.prisma.cmsPage.update({
[7m  [0m [91m                       
~~~~~~~[0m
[96msrc/commerce/currency/currency.service.t
s[0m:[93m3[0m:[93m25[0m - 
[91merror[0m[90m TS2307: [0mCannot find 
module '@prisma/client/runtime/library' or 
its corresponding type declarations.

[7m3[0m import { Decimal } from 
'@prisma/client/runtime/library';
[7m [0m [91m                        
~~~~~~~~~~~~~~~~~~~~~~~~~~~~~~~~[0m
[96msrc/commerce/currency/currency.service.t
s[0m:[93m16[0m:[93m37[0m - 
[91merror[0m[90m TS2339: [0mProperty 
'exchangeRate' does not exist on type 
'PrismaService'.

[7m16[0m     const count = await 
this.prisma.exchangeRate.count();
[7m  [0m [91m                             
       ~~~~~~~~~~~~[0m
[96msrc/commerce/currency/currency.service.t
s[0m:[93m19[0m:[93m25[0m - 
[91merror[0m[90m TS2339: [0mProperty 
'exchangeRate' does not exist on type 
'PrismaService'.

[7m19[0m       await 
this.prisma.exchangeRate.createMany({
[7m  [0m [91m                        
~~~~~~~~~~~~[0m
[96msrc/commerce/currency/currency.service.t
s[0m:[93m35[0m:[93m41[0m - 
[91merror[0m[90m TS2339: [0mProperty 
'exchangeRate' does not exist on type 
'PrismaService'.

[7m35[0m     const rateEntry = await 
this.prisma.exchangeRate.findUnique({
[7m  [0m [91m                             
           ~~~~~~~~~~~~[0m
[96msrc/commerce/currency/currency.service.t
s[0m:[93m50[0m:[93m37[0m - 
[91merror[0m[90m TS2339: [0mProperty 
'exchangeRate' does not exist on type 
'PrismaService'.

[7m50[0m     const entry = await 
this.prisma.exchangeRate.findUnique({
[7m  [0m [91m                             
       ~~~~~~~~~~~~[0m
[96msrc/commerce/orders/orders.service.ts[0
m:[93m8[0m:[93m23[0m - 
[91merror[0m[90m TS2305: [0mModule 
'"@prisma/client"' has no exported member 
'Decimal'.

[7m8[0m import { OrderStatus, Decimal } 
from '@prisma/client';
[7m [0m [91m                      
~~~~~~~[0m
[96msrc/commerce/orders/orders.service.ts[0
m:[93m63[0m:[93m27[0m - 
[91merror[0m[90m TS2345: [0mArgument of 
type '{ productId: any; quantity: any; 
unitPriceUSD: any; exchangeRateUsed: 
Decimal; unitPriceFinal: number; price: 
number; customization: any; }' is not 
assignable to parameter of type 'never'.

[7m 63[0m       orderItemsData.push({
[7m   [0m [91m                          
~[0m
[7m 64[0m         productId: 
item.productId,
[7m   [0m 
[91m~~~~~~~~~~~~~~~~~~~~~~~~~~~~~~~~~~[0m
[7m...[0m 
[7m 70[0m         customization: 
item.customization || {},
[7m   [0m [91m~~~~~~~~~~~~~~~~~~~~~~~~~~~~
~~~~~~~~~~~~~~~~~~~~[0m
[7m 71[0m       });
[7m   [0m [91m~~~~~~~[0m
[96msrc/commerce/orders/orders.service.ts[0
m:[93m78[0m:[93m9[0m - 
[91merror[0m[90m TS2353: [0mObject 
literal may only specify known properties, 
and 'email' does not exist in type 
'(Without<OrderCreateInput, 
OrderUncheckedCreateInput> & 
OrderUncheckedCreateInput) | (Without<...> & 
OrderCreateInput)'.

[7m78[0m         email: data.email,
[7m  [0m [91m        ~~~~~[0m

  [96mnode_modules/.prisma/client/index.d.ts
[0m:[93m16138[0m:[93m5[0m
    [7m16138[0m     data: 
XOR<OrderCreateInput, 
OrderUncheckedCreateInput>
    [7m     [0m [96m    ~~~~[0m
    The expected type comes from property 
'data' which is declared here on type '{ 
select?: any; include?: 
OrderInclude<$Extensions.DefaultArgs> | null 
| undefined; data: 
(Without<OrderCreateInput, 
OrderUncheckedCreateInput> & 
OrderUncheckedCreateInput) | (Without<...> & 
OrderCreateInput); }'
[96msrc/commerce/pricing/pricing.service.ts
[0m:[93m4[0m:[93m25[0m - 
[91merror[0m[90m TS2307: [0mCannot find 
module '@prisma/client/runtime/library' or 
its corresponding type declarations.

[7m4[0m import { Decimal } from 
'@prisma/client/runtime/library';
[7m [0m [91m                        
~~~~~~~~~~~~~~~~~~~~~~~~~~~~~~~~[0m
[96msrc/commerce/pricing/pricing.service.ts
[0m:[93m27[0m:[93m38[0m - 
[91merror[0m[90m TS2339: [0mProperty 
'region' does not exist on type 
'PrismaService'.

[7m27[0m     const region = await 
this.prisma.region.findUnique({ where: { 
code: regionCode } });
[7m  [0m [91m                             
        ~~~~~~[0m
[96msrc/commerce/pricing/pricing.service.ts
[0m:[93m31[0m:[93m40[0m - 
[91merror[0m[90m TS2339: [0mProperty 
'productRegionalPrice' does not exist on 
type 'PrismaService'.

[7m31[0m     const override = await 
this.prisma.productRegionalPrice.findUnique({
[7m  [0m [91m                             
          ~~~~~~~~~~~~~~~~~~~~[0m
[96msrc/commerce/region/region.service.ts[0
m:[93m13[0m:[93m37[0m - 
[91merror[0m[90m TS2339: [0mProperty 
'region' does not exist on type 
'PrismaService'.

[7m13[0m     const count = await 
this.prisma.region.count();
[7m  [0m [91m                             
       ~~~~~~[0m
[96msrc/commerce/region/region.service.ts[0
m:[93m15[0m:[93m25[0m - 
[91merror[0m[90m TS2339: [0mProperty 
'region' does not exist on type 
'PrismaService'.

[7m15[0m       await 
this.prisma.region.createMany({
[7m  [0m [91m                        
~~~~~~[0m
[96msrc/commerce/region/region.service.ts[0
m:[93m26[0m:[93m24[0m - 
[91merror[0m[90m TS2339: [0mProperty 
'region' does not exist on type 
'PrismaService'.

[7m26[0m     return 
this.prisma.region.findUnique({
[7m  [0m [91m                       
~~~~~~[0m
[96msrc/commerce/region/region.service.ts[0
m:[93m32[0m:[93m24[0m - 
[91merror[0m[90m TS2339: [0mProperty 
'region' does not exist on type 
'PrismaService'.

[7m32[0m     return 
this.prisma.region.findFirst({
[7m  [0m [91m                       
~~~~~~[0m
[96msrc/commerce/region/region.service.ts[0
m:[93m34[0m:[93m23[0m - 
[91merror[0m[90m TS2339: [0mProperty 
'region' does not exist on type 
'PrismaService'.

[7m34[0m     }) || 
this.prisma.region.findFirst();
[7m  [0m [91m                      
~~~~~~[0m
[96msrc/commerce/region/region.service.ts[0
m:[93m38[0m:[93m24[0m - 
[91merror[0m[90m TS2339: [0mProperty 
'region' does not exist on type 
'PrismaService'.

[7m38[0m     return 
this.prisma.region.findMany({
[7m  [0m [91m                       
~~~~~~[0m
[96msrc/commerce/shipping/shipping.service.t
s[0m:[93m3[0m:[93m10[0m - 
[91merror[0m[90m TS2305: [0mModule 
'"@prisma/client"' has no exported member 
'ShippingZoneType'.

[7m3[0m import { ShippingZoneType } from 
'@prisma/client';
[7m [0m [91m         ~~~~~~~~~~~~~~~~[0m
[96msrc/commerce/shipping/shipping.service.t
s[0m:[93m16[0m:[93m37[0m - 
[91merror[0m[90m TS2339: [0mProperty 
'shippingZone' does not exist on type 
'PrismaService'.

[7m16[0m     const count = await 
this.prisma.shippingZone.count();
[7m  [0m [91m                             
       ~~~~~~~~~~~~[0m
[96msrc/commerce/shipping/shipping.service.t
s[0m:[93m18[0m:[93m25[0m - 
[91merror[0m[90m TS2339: [0mProperty 
'shippingZone' does not exist on type 
'PrismaService'.

[7m18[0m       await 
this.prisma.shippingZone.createMany({
[7m  [0m [91m                        
~~~~~~~~~~~~[0m
[96msrc/commerce/shipping/shipping.service.t
s[0m:[93m32[0m:[93m46[0m - 
[91merror[0m[90m TS2339: [0mProperty 
'shippingZone' does not exist on type 
'PrismaService'.

[7m32[0m     const countryDefault = await 
this.prisma.shippingZone.findUnique({
[7m  [0m [91m                             
                ~~~~~~~~~~~~[0m
[96msrc/commerce/shipping/shipping.service.t
s[0m:[93m44[0m:[93m45[0m - 
[91merror[0m[90m TS2339: [0mProperty 
'shippingZone' does not exist on type 
'PrismaService'.

[7m44[0m     const globalDefault = await 
this.prisma.shippingZone.findFirst({
[7m  [0m [91m                             
               ~~~~~~~~~~~~[0m
[96msrc/coupons/coupons.controller.ts[0m:[
93m6[0m:[93m10[0m - [91merror[0m[90m 
TS2305: [0mModule '"@prisma/client"' has no 
exported member 'DiscountType'.

[7m6[0m import { DiscountType } from 
'@prisma/client';
[7m [0m [91m         ~~~~~~~~~~~~[0m
[96msrc/coupons/coupons.service.ts[0m:[93m
3[0m:[93m18[0m - [91merror[0m[90m 
TS2305: [0mModule '"@prisma/client"' has no 
exported member 'DiscountType'.

[7m3[0m import { Prisma, DiscountType } 
from '@prisma/client';
[7m [0m [91m                 
~~~~~~~~~~~~[0m
[96msrc/coupons/coupons.service.ts[0m:[93m
17[0m:[93m25[0m - [91merror[0m[90m 
TS2724: [0m'"C:/Users/lenovo/.gemini/antigra
vity/scratch/b2c-ecommerce/backend/node_modul
es/.prisma/client/index".Prisma' has no 
exported member named 'CouponWhereInput'. 
Did you mean 'AccountWhereInput'?

[7m17[0m     const where: 
Prisma.CouponWhereInput = {};
[7m  [0m [91m                        
~~~~~~~~~~~~~~~~[0m
[96msrc/coupons/coupons.service.ts[0m:[93m
24[0m:[93m19[0m - [91merror[0m[90m 
TS2339: [0mProperty 'coupon' does not exist 
on type 'PrismaService'.

[7m24[0m       
this.prisma.coupon.findMany({
[7m  [0m [91m                  ~~~~~~[0m
[96msrc/coupons/coupons.service.ts[0m:[93m
30[0m:[93m19[0m - [91merror[0m[90m 
TS2339: [0mProperty 'coupon' does not exist 
on type 'PrismaService'.

[7m30[0m       this.prisma.coupon.count({ 
where }),
[7m  [0m [91m                  ~~~~~~[0m
[96msrc/coupons/coupons.service.ts[0m:[93m
45[0m:[93m24[0m - [91merror[0m[90m 
TS2339: [0mProperty 'coupon' does not exist 
on type 'PrismaService'.

[7m45[0m     return 
this.prisma.coupon.findUnique({ where: { id 
} });
[7m  [0m [91m                       
~~~~~~[0m
[96msrc/coupons/coupons.service.ts[0m:[93m
49[0m:[93m24[0m - [91merror[0m[90m 
TS2339: [0mProperty 'coupon' does not exist 
on type 'PrismaService'.

[7m49[0m     return 
this.prisma.coupon.findUnique({ where: { 
code: code.toUpperCase() } });
[7m  [0m [91m                       
~~~~~~[0m
[96msrc/coupons/coupons.service.ts[0m:[93m
61[0m:[93m24[0m - [91merror[0m[90m 
TS2339: [0mProperty 'coupon' does not exist 
on type 'PrismaService'.

[7m61[0m     return 
this.prisma.coupon.create({
[7m  [0m [91m                       
~~~~~~[0m
[96msrc/coupons/coupons.service.ts[0m:[93m
87[0m:[93m24[0m - [91merror[0m[90m 
TS2339: [0mProperty 'coupon' does not exist 
on type 'PrismaService'.

[7m87[0m     return 
this.prisma.coupon.update({
[7m  [0m [91m                       
~~~~~~[0m
[96msrc/coupons/coupons.service.ts[0m:[93m
94[0m:[93m24[0m - [91merror[0m[90m 
TS2339: [0mProperty 'coupon' does not exist 
on type 'PrismaService'.

[7m94[0m     return 
this.prisma.coupon.delete({ where: { id } });
[7m  [0m [91m                       
~~~~~~[0m
[96msrc/coupons/coupons.service.ts[0m:[93m
136[0m:[93m24[0m - [91merror[0m[90m 
TS2339: [0mProperty 'coupon' does not exist 
on type 'PrismaService'.

[7m136[0m     return 
this.prisma.coupon.update({
[7m   [0m [91m                       
~~~~~~[0m
[96msrc/coupons/coupons.service.ts[0m:[93m
144[0m:[93m19[0m - [91merror[0m[90m 
TS2339: [0mProperty 'coupon' does not exist 
on type 'PrismaService'.

[7m144[0m       this.prisma.coupon.count(),
[7m   [0m [91m                  ~~~~~~[0m
[96msrc/coupons/coupons.service.ts[0m:[93m
145[0m:[93m19[0m - [91merror[0m[90m 
TS2339: [0mProperty 'coupon' does not exist 
on type 'PrismaService'.

[7m145[0m       this.prisma.coupon.count({ 
where: { isActive: true } }),
[7m   [0m [91m                  ~~~~~~[0m
[96msrc/coupons/coupons.service.ts[0m:[93m
146[0m:[93m19[0m - [91merror[0m[90m 
TS2339: [0mProperty 'coupon' does not exist 
on type 'PrismaService'.

[7m146[0m       this.prisma.coupon.count({
[7m   [0m [91m                  ~~~~~~[0m
[96msrc/coupons/coupons.service.ts[0m:[93m
151[0m:[93m19[0m - [91merror[0m[90m 
TS2339: [0mProperty 'coupon' does not exist 
on type 'PrismaService'.

[7m151[0m       
this.prisma.coupon.aggregate({ _sum: { 
usedCount: true } }),
[7m   [0m [91m                  ~~~~~~[0m
[96msrc/gallery/gallery.service.ts[0m:[93m
3[0m:[93m10[0m - [91merror[0m[90m 
TS2305: [0mModule '"@prisma/client"' has no 
exported member 'GalleryItemType'.

[7m3[0m import { GalleryItemType } from 
'@prisma/client';
[7m [0m [91m         ~~~~~~~~~~~~~~~[0m
[96msrc/gallery/gallery.service.ts[0m:[93m
10[0m:[93m24[0m - [91merror[0m[90m 
TS2339: [0mProperty 'galleryItem' does not 
exist on type 'PrismaService'.

[7m10[0m     return 
this.prisma.galleryItem.findMany({
[7m  [0m [91m                       
~~~~~~~~~~~[0m
[96msrc/gallery/gallery.service.ts[0m:[93m
20[0m:[93m24[0m - [91merror[0m[90m 
TS2339: [0mProperty 'galleryItem' does not 
exist on type 'PrismaService'.

[7m20[0m     return 
this.prisma.galleryItem.create({
[7m  [0m [91m                       
~~~~~~~~~~~[0m
[96msrc/gallery/gallery.service.ts[0m:[93m
26[0m:[93m24[0m - [91merror[0m[90m 
TS2339: [0mProperty 'galleryItem' does not 
exist on type 'PrismaService'.

[7m26[0m     return 
this.prisma.galleryItem.update({
[7m  [0m [91m                       
~~~~~~~~~~~[0m
[96msrc/gallery/gallery.service.ts[0m:[93m
33[0m:[93m24[0m - [91merror[0m[90m 
TS2339: [0mProperty 'galleryItem' does not 
exist on type 'PrismaService'.

[7m33[0m     return 
this.prisma.galleryItem.delete({ where: { id 
} });
[7m  [0m [91m                       
~~~~~~~~~~~[0m
[96msrc/homepage/admin-homepage.controller.t
s[0m:[93m22[0m:[93m40[0m - 
[91merror[0m[90m TS2339: [0mProperty 
'homepageSection' does not exist on type 
'PrismaService'.

[7m22[0m     const sections = await 
this.prisma.homepageSection.findMany({
[7m  [0m [91m                             
          ~~~~~~~~~~~~~~~[0m
[96msrc/homepage/admin-homepage.controller.t
s[0m:[93m33[0m:[93m44[0m - 
[91merror[0m[90m TS2339: [0mProperty 
'featuredCollection' does not exist on type 
'PrismaService'.

[7m33[0m             const coll = await 
this.prisma.featuredCollection.findUnique({ 
where: { id: section.referenceId } });
[7m  [0m [91m                             
              ~~~~~~~~~~~~~~~~~~[0m
[96msrc/homepage/admin-homepage.controller.t
s[0m:[93m36[0m:[93m44[0m - 
[91merror[0m[90m TS2339: [0mProperty 
'heroSection' does not exist on type 
'PrismaService'.

[7m36[0m             const hero = await 
this.prisma.heroSection.findUnique({ where: 
{ id: section.referenceId } });
[7m  [0m [91m                             
              ~~~~~~~~~~~[0m
[96msrc/homepage/admin-homepage.controller.t
s[0m:[93m39[0m:[93m44[0m - 
[91merror[0m[90m TS2339: [0mProperty 
'announcement' does not exist on type 
'PrismaService'.

[7m39[0m              const ann = await 
this.prisma.announcement.findUnique({ where: 
{ id: section.referenceId } });
[7m  [0m [91m                             
              ~~~~~~~~~~~~[0m
[96msrc/homepage/admin-homepage.controller.t
s[0m:[93m54[0m:[93m24[0m - 
[91merror[0m[90m TS2339: [0mProperty 
'homepageSection' does not exist on type 
'PrismaService'.

[7m54[0m     return 
this.prisma.homepageSection.create({ data });
[7m  [0m [91m                       
~~~~~~~~~~~~~~~[0m
[96msrc/homepage/admin-homepage.controller.t
s[0m:[93m61[0m:[93m19[0m - 
[91merror[0m[90m TS2339: [0mProperty 
'homepageSection' does not exist on type 
'PrismaService'.

[7m61[0m       
this.prisma.homepageSection.update({
[7m  [0m [91m                  
~~~~~~~~~~~~~~~[0m
[96msrc/homepage/admin-homepage.controller.t
s[0m:[93m71[0m:[93m24[0m - 
[91merror[0m[90m TS2339: [0mProperty 
'homepageSection' does not exist on type 
'PrismaService'.

[7m71[0m     return 
this.prisma.homepageSection.update({
[7m  [0m [91m                       
~~~~~~~~~~~~~~~[0m
[96msrc/homepage/admin-homepage.controller.t
s[0m:[93m79[0m:[93m24[0m - 
[91merror[0m[90m TS2339: [0mProperty 
'homepageSection' does not exist on type 
'PrismaService'.

[7m79[0m     return 
this.prisma.homepageSection.delete({ where: 
{ id } });
[7m  [0m [91m                       
~~~~~~~~~~~~~~~[0m
[96msrc/homepage/admin-homepage.controller.t
s[0m:[93m85[0m:[93m24[0m - 
[91merror[0m[90m TS2339: [0mProperty 
'announcement' does not exist on type 
'PrismaService'.

[7m85[0m     return 
this.prisma.announcement.findMany({ orderBy: 
{ priority: 'desc' } });
[7m  [0m [91m                       
~~~~~~~~~~~~[0m
[96msrc/homepage/admin-homepage.controller.t
s[0m:[93m90[0m:[93m24[0m - 
[91merror[0m[90m TS2339: [0mProperty 
'announcement' does not exist on type 
'PrismaService'.

[7m90[0m     return 
this.prisma.announcement.create({ data });
[7m  [0m [91m                       
~~~~~~~~~~~~[0m
[96msrc/homepage/admin-homepage.controller.t
s[0m:[93m95[0m:[93m24[0m - 
[91merror[0m[90m TS2339: [0mProperty 
'announcement' does not exist on type 
'PrismaService'.

[7m95[0m     return 
this.prisma.announcement.update({ where: { 
id }, data });
[7m  [0m [91m                       
~~~~~~~~~~~~[0m
[96msrc/homepage/admin-homepage.controller.t
s[0m:[93m100[0m:[93m24[0m - 
[91merror[0m[90m TS2339: [0mProperty 
'announcement' does not exist on type 
'PrismaService'.

[7m100[0m     return 
this.prisma.announcement.delete({ where: { 
id } });
[7m   [0m [91m                       
~~~~~~~~~~~~[0m
[96msrc/homepage/admin-homepage.controller.t
s[0m:[93m106[0m:[93m24[0m - 
[91merror[0m[90m TS2339: [0mProperty 
'heroSection' does not exist on type 
'PrismaService'.

[7m106[0m     return 
this.prisma.heroSection.findMany({ orderBy: 
{ updatedAt: 'desc' } });
[7m   [0m [91m                       
~~~~~~~~~~~[0m
[96msrc/homepage/admin-homepage.controller.t
s[0m:[93m120[0m:[93m24[0m - 
[91merror[0m[90m TS2339: [0mProperty 
'heroSection' does not exist on type 
'PrismaService'.

[7m120[0m     return 
this.prisma.heroSection.create({
[7m   [0m [91m                       
~~~~~~~~~~~[0m
[96msrc/homepage/admin-homepage.controller.t
s[0m:[93m155[0m:[93m40[0m - 
[91merror[0m[90m TS2339: [0mProperty 
'heroSection' does not exist on type 
'PrismaService'.

[7m155[0m       const result = await 
this.prisma.heroSection.update({
[7m   [0m [91m                            
           ~~~~~~~~~~~[0m
[96msrc/homepage/admin-homepage.controller.t
s[0m:[93m171[0m:[93m24[0m - 
[91merror[0m[90m TS2339: [0mProperty 
'marqueeItem' does not exist on type 
'PrismaService'.

[7m171[0m     return 
this.prisma.marqueeItem.findMany({ orderBy: 
{ order: 'asc' } });
[7m   [0m [91m                       
~~~~~~~~~~~[0m
[96msrc/homepage/admin-homepage.controller.t
s[0m:[93m176[0m:[93m24[0m - 
[91merror[0m[90m TS2339: [0mProperty 
'marqueeItem' does not exist on type 
'PrismaService'.

[7m176[0m     return 
this.prisma.marqueeItem.create({ data });
[7m   [0m [91m                       
~~~~~~~~~~~[0m
[96msrc/homepage/admin-homepage.controller.t
s[0m:[93m181[0m:[93m24[0m - 
[91merror[0m[90m TS2339: [0mProperty 
'marqueeItem' does not exist on type 
'PrismaService'.

[7m181[0m     return 
this.prisma.marqueeItem.update({ where: { id 
}, data });
[7m   [0m [91m                       
~~~~~~~~~~~[0m
[96msrc/homepage/admin-homepage.controller.t
s[0m:[93m186[0m:[93m24[0m - 
[91merror[0m[90m TS2339: [0mProperty 
'marqueeItem' does not exist on type 
'PrismaService'.

[7m186[0m     return 
this.prisma.marqueeItem.delete({ where: { id 
} });
[7m   [0m [91m                       
~~~~~~~~~~~[0m
[96msrc/homepage/admin-homepage.controller.t
s[0m:[93m192[0m:[93m24[0m - 
[91merror[0m[90m TS2339: [0mProperty 
'featuredCollection' does not exist on type 
'PrismaService'.

[7m192[0m     return 
this.prisma.featuredCollection.findMany({ 
orderBy: { updatedAt: 'desc' } });
[7m   [0m [91m                       
~~~~~~~~~~~~~~~~~~[0m
[96msrc/homepage/admin-homepage.controller.t
s[0m:[93m197[0m:[93m24[0m - 
[91merror[0m[90m TS2339: [0mProperty 
'featuredCollection' does not exist on type 
'PrismaService'.

[7m197[0m     return 
this.prisma.featuredCollection.create({ data 
});
[7m   [0m [91m                       
~~~~~~~~~~~~~~~~~~[0m
[96msrc/homepage/admin-homepage.controller.t
s[0m:[93m202[0m:[93m24[0m - 
[91merror[0m[90m TS2339: [0mProperty 
'featuredCollection' does not exist on type 
'PrismaService'.

[7m202[0m     return 
this.prisma.featuredCollection.update({ 
where: { id }, data });
[7m   [0m [91m                       
~~~~~~~~~~~~~~~~~~[0m
[96msrc/homepage/admin-homepage.controller.t
s[0m:[93m207[0m:[93m24[0m - 
[91merror[0m[90m TS2339: [0mProperty 
'featuredCollection' does not exist on type 
'PrismaService'.

[7m207[0m     return 
this.prisma.featuredCollection.delete({ 
where: { id } });
[7m   [0m [91m                       
~~~~~~~~~~~~~~~~~~[0m
[96msrc/homepage/admin-homepage.controller.t
s[0m:[93m213[0m:[93m24[0m - 
[91merror[0m[90m TS2339: [0mProperty 
'promoBanner' does not exist on type 
'PrismaService'.

[7m213[0m     return 
this.prisma.promoBanner.findMany({ orderBy: 
{ updatedAt: 'desc' } });
[7m   [0m [91m                       
~~~~~~~~~~~[0m
[96msrc/homepage/admin-homepage.controller.t
s[0m:[93m227[0m:[93m24[0m - 
[91merror[0m[90m TS2339: [0mProperty 
'promoBanner' does not exist on type 
'PrismaService'.

[7m227[0m     return 
this.prisma.promoBanner.create({
[7m   [0m [91m                       
~~~~~~~~~~~[0m
[96msrc/homepage/admin-homepage.controller.t
s[0m:[93m264[0m:[93m40[0m - 
[91merror[0m[90m TS2339: [0mProperty 
'promoBanner' does not exist on type 
'PrismaService'.

[7m264[0m       const result = await 
this.prisma.promoBanner.update({ where: { id 
}, data });
[7m   [0m [91m                            
           ~~~~~~~~~~~[0m
[96msrc/homepage/admin-homepage.controller.t
s[0m:[93m276[0m:[93m24[0m - 
[91merror[0m[90m TS2339: [0mProperty 
'promoBanner' does not exist on type 
'PrismaService'.

[7m276[0m     return 
this.prisma.promoBanner.delete({ where: { id 
} });
[7m   [0m [91m                       
~~~~~~~~~~~[0m
[96msrc/homepage/homepage.service.ts[0m:[9
3m10[0m:[93m40[0m - [91merror[0m[90m 
TS2339: [0mProperty 'homepageSection' does 
not exist on type 'PrismaService'.

[7m10[0m     const sections = await 
this.prisma.homepageSection.findMany({
[7m  [0m [91m                             
          ~~~~~~~~~~~~~~~[0m
[96msrc/homepage/homepage.service.ts[0m:[9
3m44[0m:[93m28[0m - [91merror[0m[90m 
TS2339: [0mProperty 'announcement' does not 
exist on type 'PrismaService'.

[7m44[0m         return 
this.prisma.announcement.findFirst({
[7m  [0m [91m                           
~~~~~~~~~~~~[0m
[96msrc/homepage/homepage.service.ts[0m:[9
3m59[0m:[93m30[0m - [91merror[0m[90m 
TS2339: [0mProperty 'heroSection' does not 
exist on type 'PrismaService'.

[7m59[0m           return 
this.prisma.heroSection.findUnique({ where: 
{ id: referenceId } });
[7m  [0m [91m                             
~~~~~~~~~~~[0m
[96msrc/homepage/homepage.service.ts[0m:[9
3m62[0m:[93m28[0m - [91merror[0m[90m 
TS2339: [0mProperty 'heroSection' does not 
exist on type 'PrismaService'.

[7m62[0m         return 
this.prisma.heroSection.findFirst({
[7m  [0m [91m                           
~~~~~~~~~~~[0m
[96msrc/homepage/homepage.service.ts[0m:[9
3m69[0m:[93m28[0m - [91merror[0m[90m 
TS2339: [0mProperty 'marqueeItem' does not 
exist on type 'PrismaService'.

[7m69[0m         return 
this.prisma.marqueeItem.findMany({
[7m  [0m [91m                           
~~~~~~~~~~~[0m
[96msrc/homepage/homepage.service.ts[0m:[9
3m76[0m:[93m46[0m - [91merror[0m[90m 
TS2339: [0mProperty 'featuredCollection' 
does not exist on type 'PrismaService'.

[7m76[0m         const collection = await 
this.prisma.featuredCollection.findUnique({
[7m  [0m [91m                             
                ~~~~~~~~~~~~~~~~~~[0m
[96msrc/homepage/homepage.service.ts[0m:[9
3m100[0m:[93m28[0m - [91merror[0m[90m 
TS2339: [0mProperty 'promoBanner' does not 
exist on type 'PrismaService'.

[7m100[0m         return 
this.prisma.promoBanner.findMany({
[7m   [0m [91m                           
~~~~~~~~~~~[0m
[96msrc/homepage/homepage.service.ts[0m:[9
3m109[0m:[93m22[0m - [91merror[0m[90m 
TS2353: [0mObject literal may only specify 
known properties, and 'isActive' does not 
exist in type 'ProductWhereInput'.

[7m109[0m             where: { isActive: 
true },
[7m   [0m [91m                     
~~~~~~~~[0m
[96msrc/homepage/homepage.service.ts[0m:[9
3m110[0m:[93m24[0m - [91merror[0m[90m 
TS2353: [0mObject literal may only specify 
known properties, and 'createdAt' does not 
exist in type 
'ProductOrderByWithRelationInput | 
ProductOrderByWithRelationInput[]'.

[7m110[0m             orderBy: { 
createdAt: 'desc' },
[7m   [0m [91m                       
~~~~~~~~~[0m
[96msrc/homepage/homepage.service.ts[0m:[9
3m127[0m:[93m20[0m - [91merror[0m[90m 
TS2353: [0mObject literal may only specify 
known properties, and 'isActive' does not 
exist in type 'ProductWhereInput'.

[7m127[0m           where: { isActive: 
true },
[7m   [0m [91m                   
~~~~~~~~[0m
[96msrc/homepage/homepage.service.ts[0m:[9
3m131[0m:[93m15[0m - [91merror[0m[90m 
TS2353: [0mObject literal may only specify 
known properties, and 'createdAt' does not 
exist in type 
'ProductOrderByWithRelationInput'.

[7m131[0m             { createdAt: 'desc' }
[7m   [0m [91m              ~~~~~~~~~[0m
[96msrc/homepage/homepage.service.ts[0m:[9
3m155[0m:[93m13[0m - [91merror[0m[90m 
TS2353: [0mObject literal may only specify 
known properties, and 'isActive' does not 
exist in type 'ProductWhereInput'.

[7m155[0m             isActive: true,
[7m   [0m [91m            ~~~~~~~~[0m
[96msrc/homepage/homepage.service.ts[0m:[9
3m158[0m:[93m22[0m - [91merror[0m[90m 
TS2353: [0mObject literal may only specify 
known properties, and 'createdAt' does not 
exist in type 
'ProductOrderByWithRelationInput | 
ProductOrderByWithRelationInput[]'.

[7m158[0m           orderBy: { createdAt: 
'desc' },
[7m   [0m [91m                     
~~~~~~~~~[0m
[96msrc/homepage/homepage.service.ts[0m:[9
3m186[0m:[93m24[0m - [91merror[0m[90m 
TS2339: [0mProperty 'announcement' does not 
exist on type 'PrismaService'.

[7m186[0m     return 
this.prisma.announcement.findFirst({
[7m   [0m [91m                       
~~~~~~~~~~~~[0m
[96msrc/orders/orders.service.ts[0m:[93m62
[0m:[93m24[0m - [91merror[0m[90m 
TS2339: [0mProperty 'product' does not 
exist on type 
'Omit<PrismaClient<PrismaClientOptions, 
never, $Extensions.DefaultArgs>, 
runtime.ITXClientDenyList>'.

[7m62[0m               await 
tx.product.update({
[7m  [0m [91m                       
~~~~~~~[0m
[96msrc/orders/orders.service.ts[0m:[93m71
[0m:[93m37[0m - [91merror[0m[90m 
TS2339: [0mProperty 'user' does not exist 
on type 
'Omit<PrismaClient<PrismaClientOptions, 
never, $Extensions.DefaultArgs>, 
runtime.ITXClientDenyList>'.

[7m71[0m               const user = await 
tx.user.findUnique({ where: { email } });
[7m  [0m [91m                             
       ~~~~[0m
[96msrc/orders/orders.service.ts[0m:[93m75
[0m:[93m44[0m - [91merror[0m[90m 
TS2339: [0mProperty 'user' does not exist 
on type 
'Omit<PrismaClient<PrismaClientOptions, 
never, $Extensions.DefaultArgs>, 
runtime.ITXClientDenyList>'.

[7m75[0m                 const guestUser = 
await tx.user.create({
[7m  [0m [91m                             
              ~~~~[0m
[96msrc/orders/orders.service.ts[0m:[93m83
[0m:[93m36[0m - [91merror[0m[90m 
TS2339: [0mProperty 'order' does not exist 
on type 
'Omit<PrismaClient<PrismaClientOptions, 
never, $Extensions.DefaultArgs>, 
runtime.ITXClientDenyList>'.

[7m83[0m             const order = await 
tx.order.create({
[7m  [0m [91m                             
      ~~~~~[0m
[96msrc/orders/orders.service.ts[0m:[93m13
7[0m:[93m16[0m - [91merror[0m[90m 
TS2353: [0mObject literal may only specify 
known properties, and 'email' does not exist 
in type 'OrderWhereInput'.

[7m137[0m       where: { email, userId: 
null },
[7m   [0m [91m               ~~~~~[0m

  [96mnode_modules/.prisma/client/index.d.ts
[0m:[93m16184[0m:[93m5[0m
    [7m16184[0m     where?: OrderWhereInput
    [7m     [0m [96m    ~~~~~[0m
    The expected type comes from property 
'where' which is declared here on type '{ 
data: (Without<OrderUpdateManyMutationInput, 
OrderUncheckedUpdateManyInput> & 
OrderUncheckedUpdateManyInput) | 
(Without<...> & 
OrderUpdateManyMutationInput); where?: 
OrderWhereInput | undefined; }'
[96msrc/orders/orders.service.ts[0m:[93m15
1[0m:[93m18[0m - [91merror[0m[90m 
TS2353: [0mObject literal may only specify 
known properties, and 'createdAt' does not 
exist in type 'OrderOrderByWithRelationInput 
| OrderOrderByWithRelationInput[]'.

[7m151[0m       orderBy: { createdAt: 
'desc' },
[7m   [0m [91m                 
~~~~~~~~~[0m
[96msrc/orders/orders.service.ts[0m:[93m17
5[0m:[93m11[0m - [91merror[0m[90m 
TS2353: [0mObject literal may only specify 
known properties, and 'email' does not exist 
in type 'OrderWhereInput'.

[7m175[0m         { email: { contains: 
search, mode: 'insensitive' } },
[7m   [0m [91m          ~~~~~[0m
[96msrc/orders/orders.service.ts[0m:[93m18
6[0m:[93m20[0m - [91merror[0m[90m 
TS2353: [0mObject literal may only specify 
known properties, and 'createdAt' does not 
exist in type 'OrderOrderByWithRelationInput 
| OrderOrderByWithRelationInput[]'.

[7m186[0m         orderBy: { createdAt: 
'desc' },
[7m   [0m [91m                   
~~~~~~~~~[0m
[96msrc/orders/orders.service.ts[0m:[93m22
0[0m:[93m42[0m - [91merror[0m[90m 
TS2322: [0mType '"SHIPPED"' is not 
assignable to type 'OrderStatus | 
EnumOrderStatusFilter<"Order"> | undefined'.

[7m220[0m       this.prisma.order.count({ 
where: { status: 'SHIPPED' } }),
[7m   [0m [91m                            
             ~~~~~~[0m
[96msrc/orders/orders.service.ts[0m:[93m22
1[0m:[93m42[0m - [91merror[0m[90m 
TS2322: [0mType '"DELIVERED"' is not 
assignable to type 'OrderStatus | 
EnumOrderStatusFilter<"Order"> | undefined'.

[7m221[0m       this.prisma.order.count({ 
where: { status: 'DELIVERED' } }),
[7m   [0m [91m                            
             ~~~~~~[0m
[96msrc/products/products.service.ts[0m:[9
3m16[0m:[93m16[0m - [91merror[0m[90m 
TS2353: [0mObject literal may only specify 
known properties, and 'isActive' does not 
exist in type 'ProductWhereInput'.

[7m16[0m       where: { isActive: true },
[7m  [0m [91m               ~~~~~~~~[0m
[96msrc/products/products.service.ts[0m:[9
3m31[0m:[93m16[0m - [91merror[0m[90m 
TS2353: [0mObject literal may only specify 
known properties, and 'slug' does not exist 
in type 'ProductWhereUniqueInput'.

[7m31[0m       where: { slug },
[7m  [0m [91m               ~~~~[0m

  [96mnode_modules/.prisma/client/index.d.ts
[0m:[93m13097[0m:[93m5[0m
    [7m13097[0m     where: 
ProductWhereUniqueInput
    [7m     [0m [96m    ~~~~~[0m
    The expected type comes from property 
'where' which is declared here on type '{ 
select?: any; include?: 
ProductInclude<$Extensions.DefaultArgs> | 
null | undefined; where: 
ProductWhereUniqueInput; }'
[96msrc/products/products.service.ts[0m:[9
3m66[0m:[93m11[0m - [91merror[0m[90m 
TS2353: [0mObject literal may only specify 
known properties, and 'description' does not 
exist in type 'ProductWhereInput'.

[7m66[0m         { description: { 
contains: search, mode: 'insensitive' } },
[7m  [0m [91m          ~~~~~~~~~~~[0m
[96msrc/products/products.service.ts[0m:[9
3m78[0m:[93m20[0m - [91merror[0m[90m 
TS2353: [0mObject literal may only specify 
known properties, and 'createdAt' does not 
exist in type 
'ProductOrderByWithRelationInput | 
ProductOrderByWithRelationInput[]'.

[7m78[0m         orderBy: { createdAt: 
'desc' },
[7m  [0m [91m                   
~~~~~~~~~[0m
[96msrc/products/products.service.ts[0m:[9
3m152[0m:[93m44[0m - [91merror[0m[90m 
TS2353: [0mObject literal may only specify 
known properties, and 'stock' does not exist 
in type 'ProductWhereInput'.

[7m152[0m       
this.prisma.product.count({ where: { stock: 
{ gt: 10 } } }),
[7m   [0m [91m                            
               ~~~~~[0m
[96msrc/products/products.service.ts[0m:[9
3m153[0m:[93m44[0m - [91merror[0m[90m 
TS2353: [0mObject literal may only specify 
known properties, and 'stock' does not exist 
in type 'ProductWhereInput'.
Found 127 error(s).


[7m153[0m       
this.prisma.product.count({ where: { stock: 
{ gt: 0, lte: 10 } } }),
[7m   [0m [91m                            
               ~~~~~[0m
[96msrc/products/products.service.ts[0m:[9
3m154[0m:[93m44[0m - [91merror[0m[90m 
TS2353: [0mObject literal may only specify 
known properties, and 'stock' does not exist 
in type 'ProductWhereInput'.

[7m154[0m       
this.prisma.product.count({ where: { stock: 
0 } }),
[7m   [0m [91m                            
               ~~~~~[0m
[96msrc/products/products.service.ts[0m:[9
3m163[0m:[93m15[0m - [91merror[0m[90m 
TS2353: [0mObject literal may only specify 
known properties, and 'stock' does not exist 
in type '(Without<ProductUpdateInput, 
ProductUncheckedUpdateInput> & 
ProductUncheckedUpdateInput) | (Without<...> 
& ProductUpdateInput)'.

[7m163[0m       data: { stock },
[7m   [0m [91m              ~~~~~[0m

  [96mnode_modules/.prisma/client/index.d.ts
[0m:[93m13300[0m:[93m5[0m
    [7m13300[0m     data: 
XOR<ProductUpdateInput, 
ProductUncheckedUpdateInput>
    [7m     [0m [96m    ~~~~[0m
    The expected type comes from property 
'data' which is declared here on type '{ 
select?: any; include?: 
ProductInclude<$Extensions.DefaultArgs> | 
null | undefined; data: 
(Without<ProductUpdateInput, 
ProductUncheckedUpdateInput> & 
ProductUncheckedUpdateInput) | (Without<...> 
& ProductUpdateInput); where: 
ProductWhereUniqueInput; }'
[96msrc/reviews/reviews.service.ts[0m:[93m
25[0m:[93m13[0m - [91merror[0m[90m 
TS2339: [0mProperty 'rating' does not exist 
on type 'ReviewWhereInput'.

[7m25[0m       where.rating = rating;
[7m  [0m [91m            ~~~~~~[0m
[96msrc/reviews/reviews.service.ts[0m:[93m
35[0m:[93m20[0m - [91merror[0m[90m 
TS2353: [0mObject literal may only specify 
known properties, and 'createdAt' does not 
exist in type 
'ReviewOrderByWithRelationInput | 
ReviewOrderByWithRelationInput[]'.

[7m35[0m         orderBy: { createdAt: 
'desc' },
[7m  [0m [91m                   
~~~~~~~~~[0m
[96msrc/reviews/reviews.service.ts[0m:[93m
56[0m:[93m38[0m - [91merror[0m[90m 
TS2353: [0mObject literal may only specify 
known properties, and '_avg' does not exist 
in type 'Subset<ReviewAggregateArgs<$Extensio
ns.DefaultArgs>, ReviewAggregateArgs<$Extensi
ons.DefaultArgs>>'.

[7m56[0m       
this.prisma.review.aggregate({ _avg: { 
rating: true } }),
[7m  [0m [91m                             
        ~~~~[0m
[96msrc/reviews/reviews.service.ts[0m:[93m
58[0m:[93m45[0m - [91merror[0m[90m 
TS2353: [0mObject literal may only specify 
known properties, and 'rating' does not 
exist in type 'ReviewWhereInput'.

[7m58[0m         
this.prisma.review.count({ where: { rating: 
5 } }),
[7m  [0m [91m                             
               ~~~~~~[0m
[96msrc/reviews/reviews.service.ts[0m:[93m
59[0m:[93m45[0m - [91merror[0m[90m 
TS2353: [0mObject literal may only specify 
known properties, and 'rating' does not 
exist in type 'ReviewWhereInput'.

[7m59[0m         
this.prisma.review.count({ where: { rating: 
4 } }),
[7m  [0m [91m                             
               ~~~~~~[0m
[96msrc/reviews/reviews.service.ts[0m:[93m
60[0m:[93m45[0m - [91merror[0m[90m 
TS2353: [0mObject literal may only specify 
known properties, and 'rating' does not 
exist in type 'ReviewWhereInput'.

[7m60[0m         
this.prisma.review.count({ where: { rating: 
3 } }),
[7m  [0m [91m                             
               ~~~~~~[0m
[96msrc/reviews/reviews.service.ts[0m:[93m
61[0m:[93m45[0m - [91merror[0m[90m 
TS2353: [0mObject literal may only specify 
known properties, and 'rating' does not 
exist in type 'ReviewWhereInput'.

[7m61[0m         
this.prisma.review.count({ where: { rating: 
2 } }),
[7m  [0m [91m                             
               ~~~~~~[0m
[96msrc/reviews/reviews.service.ts[0m:[93m
62[0m:[93m45[0m - [91merror[0m[90m 
TS2353: [0mObject literal may only specify 
known properties, and 'rating' does not 
exist in type 'ReviewWhereInput'.

[7m62[0m         
this.prisma.review.count({ where: { rating: 
1 } }),
[7m  [0m [91m                             
               ~~~~~~[0m
[96msrc/settings/settings.service.ts[0m:[9
3m10[0m:[93m38[0m - [91merror[0m[90m 
TS2339: [0mProperty 'storeSettings' does 
not exist on type 'PrismaService'.

[7m10[0m     let settings = await 
this.prisma.storeSettings.findFirst();
[7m  [0m [91m                             
        ~~~~~~~~~~~~~[0m
[96msrc/settings/settings.service.ts[0m:[9
3m13[0m:[93m36[0m - [91merror[0m[90m 
TS2339: [0mProperty 'storeSettings' does 
not exist on type 'PrismaService'.

[7m13[0m       settings = await 
this.prisma.storeSettings.create({
[7m  [0m [91m                             
      ~~~~~~~~~~~~~[0m
[96msrc/settings/settings.service.ts[0m:[9
3m35[0m:[93m24[0m - [91merror[0m[90m 
TS2339: [0mProperty 'storeSettings' does 
not exist on type 'PrismaService'.

[7m35[0m     return 
this.prisma.storeSettings.update({
[7m  [0m [91m                       
~~~~~~~~~~~~~[0m
[96msrc/shipping/shipping.service.ts[0m:[9
3m17[0m:[93m41[0m - [91merror[0m[90m 
TS2339: [0mProperty 'shippingRegion' does 
not exist on type 'PrismaService'.

[7m17[0m       const regions = await 
this.prisma.shippingRegion.findMany({
[7m  [0m [91m                             
           ~~~~~~~~~~~~~~[0m
[96msrc/shipping/shipping.service.ts[0m:[9
3m29[0m:[93m49[0m - [91merror[0m[90m 
TS2339: [0mProperty 'shippingRegion' does 
not exist on type 'PrismaService'.

[7m29[0m     const internationalRate = 
await this.prisma.shippingRegion.findFirst({
[7m  [0m [91m                             
                   ~~~~~~~~~~~~~~[0m
[96msrc/shipping/shipping.service.ts[0m:[9
3m38[0m:[93m45[0m - [91merror[0m[90m 
TS2339: [0mProperty 'shippingRegion' does 
not exist on type 'PrismaService'.

[7m38[0m     const globalDefault = await 
this.prisma.shippingRegion.findFirst({
[7m  [0m [91m                             
               ~~~~~~~~~~~~~~[0m
[96msrc/shipping/shipping.service.ts[0m:[9
3m46[0m:[93m41[0m - [91merror[0m[90m 
TS2339: [0mProperty 'shippingRegion' does 
not exist on type 'PrismaService'.

[7m46[0m     const defaultUS = await 
this.prisma.shippingRegion.findFirst({
[7m  [0m [91m                             
           ~~~~~~~~~~~~~~[0m

