
> backend@0.0.1 build
> nest build

node.exe : [96msrc/cart/cart.service.ts[0m:
[93m46[0m:[93m39[0m - 
[91merror[0m[90m TS2561: [0mObject 
literal may only specify known properties, 
but 'basePrice' does not exist in type 
'ProductSelect<DefaultArgs>'. Did you mean 
to write 'basePriceUSD'?
At C:\Program Files\nodejs\npm.ps1:29 char:3
+   & $NODE_EXE $NPM_CLI_JS $args
+   ~~~~~~~~~~~~~~~~~~~~~~~~~~~~~
    + CategoryInfo          : NotSpecified:  
   ([96msrc/cart/c...'basePriceUSD'?:Strin  
  g) [], RemoteException
    + FullyQualifiedErrorId : NativeCommandE 
   rror
 

[7m46[0m       select: { id: true, name: 
true, basePrice: true, stock: true, images: 
true },
[7m  [0m [91m                             
         ~~~~~~~~~[0m

  [96mnode_modules/.prisma/client/index.d.ts
[0m:[93m17559[0m:[93m5[0m
    [7m17559[0m     select?: 
ProductSelect<ExtArgs> | null
    [7m     [0m [96m    ~~~~~~[0m
    The expected type comes from property 
'select' which is declared here on type '{ 
select?: ProductSelect<DefaultArgs> | null | 
undefined; include?: 
ProductInclude<DefaultArgs> | null | 
undefined; where: ProductWhereUniqueInput; }'
[96msrc/cart/cart.service.ts[0m:[93m66[0m
:[93m24[0m - [91merror[0m[90m TS2551: 
[0mProperty 'basePrice' does not exist on 
type '{ name: string; id: string; createdAt: 
Date; tags: string[]; slug: string; 
description: string; basePriceUSD: number; 
salePriceUSD: number | null; stock: number; 
isActive: boolean; images: string[]; 
categoryId: string; attributes: JsonValue; 
customizationOptions: JsonValue; }'. Did you 
mean 'basePriceUSD'?

[7m66[0m         price: product.basePrice,
[7m  [0m [91m                       
~~~~~~~~~[0m
[96msrc/chat/chat.service.ts[0m:[93m136[0
m:[93m29[0m - [91merror[0m[90m TS2322: 
[0mType '({ basePrice: { lte: number; }; } 
| { basePrice: { gte: number; }; } | { OR: 
({ name: { contains: string; mode: 
"insensitive"; }; description?: undefined; } 
| { description: { contains: string; mode: 
"insensitive"; }; name?: undefined; })[]; 
})[]' is not assignable to type 
'ProductWhereInput | ProductWhereInput[] | 
undefined'.
  Type '({ basePrice: { lte: number; }; } | 
{ basePrice: { gte: number; }; } | { OR: ({ 
name: { contains: string; mode: 
"insensitive"; }; description?: undefined; } 
| { description: { contains: string; mode: 
"insensitive"; }; name?: undefined; })[]; 
})[]' is not assignable to type 
'ProductWhereInput[]'.
    Type '{ basePrice: { lte: number; }; } | 
{ basePrice: { gte: number; }; } | { OR: ({ 
name: { contains: string; mode: 
"insensitive"; }; description?: undefined; } 
| { description: { contains: string; mode: 
"insensitive"; }; name?: undefined; })[]; }' 
is not assignable to type 
'ProductWhereInput'.
      Object literal may only specify known 
properties, but 'basePrice' does not exist 
in type 'ProductWhereInput'. Did you mean to 
write 'basePriceUSD'?

[7m136[0m           ...(maxPrice ? [{ 
basePrice: { lte: maxPrice } }] : []),
[7m   [0m [91m                            
~~~~~~~~~[0m
[96msrc/commerce/orders/orders.service.ts[0
m:[93m63[0m:[93m27[0m - 
[91merror[0m[90m TS2345: [0mArgument of 
type '{ productId: any; quantity: any; 
unitPriceUSD: number; exchangeRateUsed: 
number; unitPriceFinal: number; price: 
number; customization: any; }' is not 
assignable to parameter of type 'never'.

[7m 63[0m       orderItemsData.push({
[7m   [0m [91m                          
~[0m
[7m 64[0m         productId: 
item.productId,
[7m   [0m 
[91m~~~~~~~~~~~~~~~~~~~~~~~~~~~~~~~~~~[0m
[7m...[0m 
[7m 70[0m         customization: 
item.customization || {},
[7m   [0m [91m~~~~~~~~~~~~~~~~~~~~~~~~~~~~
~~~~~~~~~~~~~~~~~~~~[0m
[7m 71[0m       });
[7m   [0m [91m~~~~~~~[0m
[96msrc/commerce/pricing/pricing.module.ts[
0m:[93m4[0m:[93m2[0m - 
[91merror[0m[90m TS2552: [0mCannot find 
name 'Module'. Did you mean 'module'?

[7m4[0m @Module({
[7m [0m [91m ~~~~~~[0m

  [96mnode_modules/@types/node/module.d.ts[
0m:[93m873[0m:[93m13[0m
    [7m873[0m         var module: 
NodeJS.Module;
    [7m   [0m [96m            ~~~~~~[0m
    'module' is declared here.
[96msrc/commerce/pricing/pricing.module.ts[
0m:[93m6[0m:[93m15[0m - 
[91merror[0m[90m TS2304: [0mCannot find 
name 'PricingService'.

[7m6[0m   providers: [PricingService],
[7m [0m [91m              
~~~~~~~~~~~~~~[0m
[96msrc/commerce/pricing/pricing.module.ts[
0m:[93m7[0m:[93m13[0m - 
[91merror[0m[90m TS2304: [0mCannot find 
name 'PricingService'.

[7m7[0m   exports: [PricingService],
[7m [0m [91m            ~~~~~~~~~~~~~~[0m
[96msrc/common/pricing.service.ts[0m:[93m2
4[0m:[93m17[0m - [91merror[0m[90m 
TS2561: [0mObject literal may only specify 
known properties, but 'basePrice' does not 
exist in type 'ProductSelect<DefaultArgs>'. 
Did you mean to write 'basePriceUSD'?

[7m24[0m       select: { basePrice: true, 
customizationOptions: true },
[7m  [0m [91m                ~~~~~~~~~[0m

  [96mnode_modules/.prisma/client/index.d.ts
[0m:[93m17559[0m:[93m5[0m
    [7m17559[0m     select?: 
ProductSelect<ExtArgs> | null
    [7m     [0m [96m    ~~~~~~[0m
    The expected type comes from property 
'select' which is declared here on type '{ 
select?: ProductSelect<DefaultArgs> | null | 
undefined; include?: 
ProductInclude<DefaultArgs> | null | 
undefined; where: ProductWhereUniqueInput; }'
[96msrc/common/pricing.service.ts[0m:[93m3
1[0m:[93m30[0m - [91merror[0m[90m 
TS2551: [0mProperty 'basePrice' does not 
exist on type '{ name: string; id: string; 
createdAt: Date; tags: string[]; slug: 
string; description: string; basePriceUSD: 
number; salePriceUSD: number | null; stock: 
number; isActive: boolean; images: string[]; 
categoryId: string; attributes: JsonValue; 
customizationOptions: JsonValue; }'. Did you 
mean 'basePriceUSD'?

[7m31[0m     let finalPrice = 
product.basePrice;
[7m  [0m [91m                             
~~~~~~~~~[0m
[96msrc/homepage/homepage.service.ts[0m:[9
3m89[0m:[93m13[0m - [91merror[0m[90m 
TS2561: [0mObject literal may only specify 
known properties, but 'basePrice' does not 
exist in type 'ProductSelect<DefaultArgs>'. 
Did you mean to write 'basePriceUSD'?

[7m89[0m             basePrice: true,
[7m  [0m [91m            ~~~~~~~~~[0m
[96msrc/homepage/homepage.service.ts[0m:[9
3m116[0m:[93m15[0m - [91merror[0m[90m 
TS2561: [0mObject literal may only specify 
known properties, but 'basePrice' does not 
exist in type 'ProductSelect<DefaultArgs>'. 
Did you mean to write 'basePriceUSD'?

[7m116[0m               basePrice: true,
[7m   [0m [91m              ~~~~~~~~~[0m
[96msrc/homepage/homepage.service.ts[0m:[9
3m138[0m:[93m13[0m - [91merror[0m[90m 
TS2561: [0mObject literal may only specify 
known properties, but 'basePrice' does not 
exist in type 'ProductSelect<DefaultArgs>'. 
Did you mean to write 'basePriceUSD'?

[7m138[0m             basePrice: true,
[7m   [0m [91m            ~~~~~~~~~[0m
[96msrc/homepage/homepage.service.ts[0m:[9
3m156[0m:[93m13[0m - [91merror[0m[90m 
TS2561: [0mObject literal may only specify 
known properties, but 'salePrice' does not 
exist in type 'ProductWhereInput'. Did you 
mean to write 'salePriceUSD'?

[7m156[0m             salePrice: { not: 
null }
[7m   [0m [91m            ~~~~~~~~~[0m
[96msrc/homepage/homepage.service.ts[0m:[9
3m164[0m:[93m13[0m - [91merror[0m[90m 
TS2561: [0mObject literal may only specify 
known properties, but 'basePrice' does not 
exist in type 'ProductSelect<DefaultArgs>'. 
Did you mean to write 'basePriceUSD'?

[7m164[0m             basePrice: true,
[7m   [0m [91m            ~~~~~~~~~[0m
[96msrc/orders/orders.service.ts[0m:[93m95
[0m:[93m19[0m - [91merror[0m[90m 
TS2322: [0mType '{ productId: string; 
quantity: number; price: number; 
customization: any; }[]' is not assignable 
to type 
'(Without<OrderItemCreateWithoutOrderInput, 
OrderItemUncheckedCreateWithoutOrderInput> & 
OrderItemUncheckedCreateWithoutOrderInput) | 
(Without<...> & 
OrderItemCreateWithoutOrderInput) | 
OrderItemCreateWithoutOrderInput[] | 
OrderItemUncheckedCreateWithoutOrderInput[] 
| undefined'.
  Type '{ productId: string; quantity: 
number; price: number; customization: any; 
}[]' is not assignable to type 
'OrderItemCreateWithoutOrderInput[]'.
    Type '{ productId: string; quantity: 
number; price: number; customization: any; 
}' is missing the following properties from 
type 'OrderItemCreateWithoutOrderInput': 
unitPriceUSD, exchangeRateUsed, 
unitPriceFinal, product

[7m95[0m                   create: await 
Promise.all(items.map(async (item) => ({
[7m  [0m [91m                  ~~~~~~[0m
[96msrc/shipping/shipping.service.ts[0m:[9
3m17[0m:[93m41[0m - [91merror[0m[90m 
TS2339: [0mProperty 'shippingRegion' does 
not exist on type 'PrismaService'.

[7m17[0m       const regions = await 
this.prisma.shippingRegion.findMany({
[7m  [0m [91m                             
           ~~~~~~~~~~~~~~[0m
[96msrc/shipping/shipping.service.ts[0m:[9
3m29[0m:[93m49[0m - [91merror[0m[90m 
TS2339: [0mProperty 'shippingRegion' does 
not exist on type 'PrismaService'.

[7m29[0m     const internationalRate = 
await this.prisma.shippingRegion.findFirst({
[7m  [0m [91m                             
                   ~~~~~~~~~~~~~~[0m
[96msrc/shipping/shipping.service.ts[0m:[9
3m38[0m:[93m45[0m - [91merror[0m[90m 
TS2339: [0mProperty 'shippingRegion' does 
not exist on type 'PrismaService'.

[7m38[0m     const globalDefault = await 
this.prisma.shippingRegion.findFirst({
[7m  [0m [91m                             
               ~~~~~~~~~~~~~~[0m
[96msrc/shipping/shipping.service.ts[0m:[9
3m46[0m:[93m41[0m - [91merror[0m[90m 
TS2339: [0mProperty 'shippingRegion' does 
not exist on type 'PrismaService'.

[7m46[0m     const defaultUS = await 
this.prisma.shippingRegion.findFirst({
[7m  [0m [91m                             
           ~~~~~~~~~~~~~~[0m

Found 19 error(s).

