Status: 201
Body: {"message":"Registration successful. Please check your email to verify your account."}
